// Jest Snapshot v1, https://goo.gl/fbAQLP

exports[`SearchPageComponent matches snapshot 1`] = `
<Page
  description="SearchPage.schemaDescription"
  schema={
    Object {
      "@context": "http://schema.org",
      "@type": "SearchResultsPage",
      "description": "SearchPage.schemaDescription",
      "mainEntity": Array [
        "{\\"@type\\":\\"ItemList\\",\\"name\\":\\"SearchPage.schemaMapSearch\\",\\"itemListOrder\\":\\"http://schema.org/ItemListOrderAscending\\",\\"itemListElement\\":[]}",
      ],
      "name": "SearchPage.schemaTitle",
    }
  }
  scrollingDisabled={false}
  title="SearchPage.schemaTitle"
>
  <withRouter(Connect(TopbarContainerComponent))
    className="topbar"
    currentPage="SearchPage"
    currentSearchParams={Object {}}
  />
  <div
    className="container"
  >
    <MainPanel
      className={null}
      filterConfig={
        Array [
          Object {
            "config": Object {
              "options": Array [
                Object {
                  "key": "northIsland",
                  "label": "North Island",
                },
                Object {
                  "key": "southIsland",
                  "label": "South Island",
                },
              ],
            },
            "group": "primary",
            "id": "locIsland",
            "label": "Location",
            "listingType": Array [
              "listing",
              "advert",
            ],
            "queryParamNames": Array [
              "pub_locIsland",
              "pub_locRegion",
              "pub_locDistrict",
            ],
            "type": "SelectRegionFilter",
          },
          Object {
            "config": Object {
              "max": 1000,
              "min": 0,
              "step": 5,
            },
            "group": "primary",
            "id": "price",
            "label": "Price",
            "listingType": Array [
              "listing",
            ],
            "queryParamNames": Array [
              "price",
            ],
            "type": "PriceFilter",
          },
          Object {
            "config": Object {},
            "group": "primary",
            "id": "dates",
            "label": "Dates",
            "listingType": Array [
              "listing",
              "advert",
            ],
            "queryParamNames": Array [
              "dates",
            ],
            "type": "BookingDateRangeFilter",
          },
          Object {
            "config": Object {
              "options": Array [
                Object {
                  "key": "storage",
                  "label": "Storage space",
                },
                Object {
                  "key": "creative",
                  "label": "Creative space",
                },
                Object {
                  "key": "work",
                  "label": "Work space",
                },
                Object {
                  "key": "event",
                  "label": "Event space",
                },
              ],
            },
            "group": "primary",
            "id": "preferredUse",
            "label": "Preferred Use",
            "listingType": Array [
              "listing",
              "advert",
            ],
            "queryParamNames": Array [
              "pub_preferredUse",
            ],
            "type": "SelectMultipleFilter",
          },
          Object {
            "config": Object {},
            "group": "primary",
            "id": "keyword",
            "label": "Keyword",
            "listingType": Array [
              "listing",
              "advert",
            ],
            "queryParamNames": Array [
              "keywords",
            ],
            "type": "KeywordFilter",
          },
          Object {
            "config": Object {
              "options": Array [
                Object {
                  "key": "advert",
                  "label": "Advert",
                },
                Object {
                  "key": "listing",
                  "label": "Listing",
                },
              ],
            },
            "group": "primary",
            "id": "listingType",
            "label": "Type",
            "listingType": Array [],
            "queryParamNames": Array [
              "pub_listingType",
            ],
            "type": "SelectSingleFilter",
          },
          Object {
            "config": Object {
              "options": Array [
                Object {
                  "key": "live",
                  "label": "Available Now Only",
                },
                Object {
                  "key": null,
                  "label": "All",
                },
              ],
            },
            "group": "primary",
            "id": "listingStatus",
            "label": "Status",
            "listingType": Array [
              "listing",
              "advert",
            ],
            "queryParamNames": Array [
              "pub_listingState",
            ],
            "type": "SelectSingleFilter",
          },
          Object {
            "config": Object {
              "customFormat": "m2",
              "max": 1000,
              "min": 1,
              "step": 1,
            },
            "group": "primary",
            "id": "sizeOfSpace",
            "label": "Size",
            "listingType": Array [
              "listing",
            ],
            "queryParamNames": Array [
              "pub_sizeOfSpace",
            ],
            "type": "SelectRangeFilter",
          },
          Object {
            "config": Object {
              "customFormat": "years",
              "max": 100,
              "min": 1,
              "step": 1,
            },
            "group": "primary",
            "id": "ageOfSpace",
            "label": "Age",
            "listingType": Array [
              "listing",
            ],
            "queryParamNames": Array [
              "pub_ageOfSpace",
            ],
            "type": "SelectRangeFilter",
          },
          Object {
            "config": Object {
              "options": Array [
                Object {
                  "key": "BayPlenty",
                  "label": "Bay of Plenty Region",
                  "parent": "northIsland",
                },
                Object {
                  "key": "HawkesBay",
                  "label": "Hawke's Bay Region",
                  "parent": "northIsland",
                },
                Object {
                  "key": "Manawatu",
                  "label": "Manawatū-Whanganui Region",
                  "parent": "northIsland",
                },
                Object {
                  "key": "Northland",
                  "label": "Northland Region",
                  "parent": "northIsland",
                },
                Object {
                  "key": "Taranaki",
                  "label": "Taranaki Region",
                  "parent": "northIsland",
                },
                Object {
                  "key": "Waikato",
                  "label": "Waikato Region",
                  "parent": "northIsland",
                },
                Object {
                  "key": "Wellington",
                  "label": "Wellington Region",
                  "parent": "northIsland",
                },
                Object {
                  "key": "Canterbury",
                  "label": "Canterbury Region",
                  "parent": "southIsland",
                },
                Object {
                  "key": "Otago",
                  "label": "Otago Region",
                  "parent": "southIsland",
                },
                Object {
                  "key": "Southland",
                  "label": "Southland Region",
                  "parent": "southIsland",
                },
                Object {
                  "key": "WestCoast",
                  "label": "West Coast Region",
                  "parent": "southIsland",
                },
              ],
            },
            "group": "primary",
            "id": "locRegion",
            "label": "Region",
            "listingType": Array [
              "listing",
              "advert",
            ],
            "queryParamNames": Array [
              "pub_locRegion",
            ],
            "type": null,
          },
          Object {
            "config": Object {
              "options": Array [
                Object {
                  "key": "kawerau",
                  "label": "Kawerau District",
                  "parent": "BayPlenty",
                },
                Object {
                  "key": "opotiki",
                  "label": "Ōpōtiki District",
                  "parent": "BayPlenty",
                },
                Object {
                  "key": "westernBayOfPlenty",
                  "label": "Western Bay of Plenty District",
                  "parent": "BayPlenty",
                },
                Object {
                  "key": "whakatane",
                  "label": "Whakatane District",
                  "parent": "BayPlenty",
                },
                Object {
                  "key": "centralHawkesBay",
                  "label": "Central Hawke's Bay District",
                  "parent": "BayPlenty",
                },
                Object {
                  "key": "hastings",
                  "label": "Hastings District",
                  "parent": "HawkesBay",
                },
                Object {
                  "key": "wairoa",
                  "label": "Wairoa District",
                  "parent": "HawkesBay",
                },
                Object {
                  "key": "horowhenua",
                  "label": "Horowhenua District",
                  "parent": "Manawatu",
                },
                Object {
                  "key": "manawatu",
                  "label": "Manawatu District",
                  "parent": "Manawatu",
                },
                Object {
                  "key": "ruapehu",
                  "label": "Ruapehu District",
                  "parent": "Manawatu",
                },
                Object {
                  "key": "whanganui",
                  "label": "Whanganui District",
                  "parent": "Manawatu",
                },
                Object {
                  "key": "farNorth",
                  "label": "Far North District",
                  "parent": "Northland",
                },
                Object {
                  "key": "kaipara",
                  "label": "Kaipara District",
                  "parent": "Northland",
                },
                Object {
                  "key": "whangarei",
                  "label": "Whangarei District",
                  "parent": "Northland",
                },
                Object {
                  "key": "newPlymouth",
                  "label": "New Plymouth District",
                  "parent": "Taranaki",
                },
                Object {
                  "key": "southTaranaki",
                  "label": "South Taranaki District",
                  "parent": "Taranaki",
                },
                Object {
                  "key": "hauraki",
                  "label": "Hauraki District",
                  "parent": "Waikato",
                },
                Object {
                  "key": "matamataPiako",
                  "label": "Matamata-Piako District",
                  "parent": "Waikato",
                },
                Object {
                  "key": "otorohanga",
                  "label": "Otorohanga District",
                  "parent": "Waikato",
                },
                Object {
                  "key": "southWaikato",
                  "label": "South Waikato District",
                  "parent": "Waikato",
                },
                Object {
                  "key": "thamesCoromandel",
                  "label": "Thames-Coromandel District",
                  "parent": "Waikato",
                },
                Object {
                  "key": "waikato",
                  "label": "Waikato District",
                  "parent": "Waikato",
                },
                Object {
                  "key": "waipa",
                  "label": "Waipa District",
                  "parent": "Waikato",
                },
                Object {
                  "key": "carterton",
                  "label": "Carterton District",
                  "parent": "Wellington",
                },
                Object {
                  "key": "kapitiCoast",
                  "label": "Kapiti Coast District",
                  "parent": "Wellington",
                },
                Object {
                  "key": "masterton",
                  "label": "Masterton District",
                  "parent": "Wellington",
                },
                Object {
                  "key": "southWairarapa",
                  "label": "South Wairarapa District",
                  "parent": "Wellington",
                },
                Object {
                  "key": "ashburton",
                  "label": "Ashburton District",
                  "parent": "Canterbury",
                },
                Object {
                  "key": "hurunui",
                  "label": "Hurunui District",
                  "parent": "Canterbury",
                },
                Object {
                  "key": "kaikoura",
                  "label": "Kaikoura District",
                  "parent": "Canterbury",
                },
                Object {
                  "key": "mackenzie",
                  "label": "Mackenzie District",
                  "parent": "Canterbury",
                },
                Object {
                  "key": "selwyn",
                  "label": "Selwyn District",
                  "parent": "Canterbury",
                },
                Object {
                  "key": "timaru",
                  "label": "Timaru District",
                  "parent": "Canterbury",
                },
                Object {
                  "key": "waimakariri",
                  "label": "Waimakariri District",
                  "parent": "Canterbury",
                },
                Object {
                  "key": "waimate",
                  "label": "Waimate District",
                  "parent": "Canterbury",
                },
                Object {
                  "key": "centralOtago",
                  "label": "Central Otago District",
                  "parent": "Otago",
                },
                Object {
                  "key": "clutha",
                  "label": "Clutha District",
                  "parent": "Otago",
                },
                Object {
                  "key": "queenstownLakes",
                  "label": "Queenstown-Lakes District",
                  "parent": "Otago",
                },
                Object {
                  "key": "gore",
                  "label": "Gore District",
                  "parent": "Southland",
                },
                Object {
                  "key": "southland",
                  "label": "Southland District",
                  "parent": "Southland",
                },
                Object {
                  "key": "buller",
                  "label": "Buller District",
                  "parent": "WestCoast",
                },
                Object {
                  "key": "grey",
                  "label": "Grey District",
                  "parent": "WestCoast",
                },
                Object {
                  "key": "westland",
                  "label": "Westland District",
                  "parent": "WestCoast",
                },
              ],
            },
            "group": "primary",
            "id": "locDistrict",
            "label": "District",
            "listingType": Array [
              "listing",
              "advert",
            ],
            "queryParamNames": Array [
              "pub_locDistrict",
            ],
            "type": null,
          },
          Object {
            "config": Object {
              "options": Array [
                Object {
                  "checkedIcon": "beachAccess",
                  "key": "weatherproof",
                  "label": "Weatherproof",
                  "unCheckedIcon": "beachAccessOutlined",
                },
                Object {
                  "checkedIcon": "lock",
                  "key": "secure",
                  "label": "Secure",
                  "unCheckedIcon": "lockOutlined",
                },
                Object {
                  "checkedIcon": "power",
                  "key": "mainsPower",
                  "label": "Mains power",
                  "unCheckedIcon": "powerOutlined",
                },
                Object {
                  "checkedIcon": "water",
                  "key": "waterSupply",
                  "label": "Water supply",
                  "unCheckedIcon": "waterOutlined",
                },
                Object {
                  "checkedIcon": "internet",
                  "key": "internet",
                  "label": "Internet",
                  "unCheckedIcon": "internetOutlined",
                },
                Object {
                  "checkedIcon": "wc",
                  "key": "wc",
                  "label": "Toilet",
                  "unCheckedIcon": "wcOutlined",
                },
                Object {
                  "checkedIcon": "parking",
                  "key": "parking",
                  "label": "Parking",
                  "unCheckedIcon": "parkingOutlined",
                },
              ],
              "searchMode": "has_all",
            },
            "group": "secondary",
            "id": "amenities",
            "label": "Features",
            "listingType": Array [
              "listing",
            ],
            "queryParamNames": Array [
              "pub_amenities",
            ],
            "type": "SelectMultipleFilter",
          },
          Object {
            "config": Object {
              "options": Array [
                Object {
                  "key": "anytimeUnrestricted",
                  "label": "Anytime, access is not restricted",
                },
                Object {
                  "key": "anytimeArranged",
                  "label": "Anytime, but by arrangement",
                },
                Object {
                  "key": "weekendsOnly",
                  "label": "Prefer only weekends",
                },
                Object {
                  "key": "weekdaysOnly",
                  "label": "Prefer only office hours",
                },
                Object {
                  "key": "negotiable",
                  "label": "Negotiable",
                },
              ],
              "searchMode": "has_any",
            },
            "group": "secondary",
            "id": "listingAccessFrequency",
            "label": "How much access would you permit?",
            "listingType": Array [
              "listing",
            ],
            "queryParamNames": Array [
              "pub_accessFrequency",
            ],
            "type": "none",
          },
          Object {
            "config": Object {
              "options": Array [
                Object {
                  "key": "anytimeUnrestricted",
                  "label": "All the time",
                },
                Object {
                  "key": "anytimeArranged",
                  "label": "Anytime, but I'll let you know",
                },
                Object {
                  "key": "weekdaysOnly",
                  "label": "Typically only weekdays",
                },
                Object {
                  "key": "weekendsOnly",
                  "label": "Typically only weekends",
                },
                Object {
                  "key": "infrequently",
                  "label": "Pretty infrequently",
                },
                Object {
                  "key": "dropAndCollect",
                  "label": "Once to drop off, once to collect",
                },
                Object {
                  "key": "negotiable",
                  "label": "Negotiable",
                },
              ],
              "searchMode": "has_any",
            },
            "group": "secondary",
            "id": "advertAccessFrequency",
            "label": "Access Frequency",
            "listingType": Array [
              "advert",
            ],
            "queryParamNames": Array [
              "pub_accessFrequency",
            ],
            "type": "none",
          },
          Object {
            "config": Object {
              "options": Array [
                Object {
                  "key": "noSmoking",
                  "label": "No smoking",
                },
                Object {
                  "key": "noPets",
                  "label": "No pets",
                },
                Object {
                  "key": "noGuests",
                  "label": "No guests",
                },
                Object {
                  "key": "noSignage",
                  "label": "No signage",
                },
              ],
              "searchMode": "has_any",
            },
            "group": "secondary",
            "id": "groundRules",
            "label": "Ground rules",
            "listingType": Array [
              "listing",
            ],
            "queryParamNames": Array [
              "pub_accessFrequency",
            ],
            "type": "none",
          },
        ]
      }
      history={
        Object {
          "push": [Function],
        }
      }
      isMapOpen={false}
      listings={Array []}
      mapSwitch={
        <ForwardRef(FormControlLabel)
          className="mapSwitch"
          control={
            <ForwardRef(Switch)
              checked={false}
              inputProps={
                Object {
                  "aria-label": "Show map",
                }
              }
              onChange={[Function]}
            />
          }
          label="Show map"
          labelPlacement="start"
        />
      }
      onActivateListing={[Function]}
      onCloseModal={[Function]}
      onManageDisableScrolling={[Function]}
      onMapIconClick={[Function]}
      onOpenModal={[Function]}
      pagination={
        Object {
          "page": 1,
          "perPage": 12,
          "totalItems": 22,
          "totalPages": 2,
        }
      }
      resultsCount={0}
      rootClassName={null}
      searchInProgress={false}
      searchListingsError={null}
      searchParamsAreInSync={true}
      searchParamsForPagination={Object {}}
      searchType="listing"
      showAsModalMaxWidth={768}
      sortConfig={
        Object {
          "active": true,
          "conflictingFilters": Array [
            "keyword",
          ],
          "options": Array [
            Object {
              "key": "createdAt",
              "label": "Newest",
            },
            Object {
              "key": "-createdAt",
              "label": "Oldest",
            },
            Object {
              "key": "-price",
              "label": "Lowest price",
            },
            Object {
              "key": "price",
              "label": "Highest price",
            },
            Object {
              "key": "relevance",
              "label": "Relevance",
              "longLabel": "Relevance (Keyword search)",
            },
          ],
          "queryParamName": "sort",
          "relevanceKey": "relevance",
        }
      }
      urlQueryParams={Object {}}
    />
    <withViewport(ModalInMobileComponent)
      className="mapPanel"
      id="SearchPage.map"
      isModalOpenOnMobile={false}
      onClose={[Function]}
      onManageDisableScrolling={[Function]}
      showAsModalMaxWidth={768}
    >
      <div
        className="mapWrapper"
      >
        <withRouter(SearchMapComponent)
          activeListingId={null}
          isSearchMapOpenOnMobile={false}
          listings={Array []}
          location={
            Object {
              "search": "",
            }
          }
          mapClass="mapClosed"
          onCloseAsModal={[Function]}
          onMapMoveEnd={[Function]}
          reusableContainerClassName="map"
        />
      </div>
    </withViewport(ModalInMobileComponent)>
  </div>
</Page>
`;
