// Jest Snapshot v1, https://goo.gl/fbAQLP

exports[`EditListingLocationForm matches snapshot 1`] = `
<ReactFinalForm
  disabled={false}
  dispatch={[Function]}
  fetchErrors={null}
  intl={
    Object {
      "formatDate": [Function],
      "formatMessage": [Function],
      "formatNumber": [Function],
      "formatPlural": [Function],
      "formatRelativeTime": [Function],
      "formatTime": [Function],
      "now": [Function],
    }
  }
  mutators={
    Object {
      "concat": [Function],
      "insert": [Function],
      "move": [Function],
      "pop": [Function],
      "push": [Function],
      "remove": [Function],
      "removeBatch": [Function],
      "shift": [Function],
      "swap": [Function],
      "unshift": [Function],
      "update": [Function],
    }
  }
  onSubmit={[Function]}
  ready={false}
  render={[Function]}
  saveActionMsg="Save location"
  selectedPlace={null}
  updateInProgress={false}
  updated={false}
/>
`;
