// Jest Snapshot v1, https://goo.gl/fbAQLP

exports[`ListingCard matches snapshot 1`] = `
<NamedLink
  className="root"
  name="Page"
  params={
    Object {
      "id": "listing1",
      "slug": "listing1-title",
    }
  }
>
  <div
    className="threeToTwoWrapper"
    id="listingCard"
    onMouseEnter={[Function]}
    onMouseLeave={[Function]}
  >
    <div
      className="aspectWrapper"
    >
      <lazyLoadWithDimensions(ListingImage)
        alt="listing1 title"
        image={null}
        rootClassName="rootForImage"
        sizes={null}
        variants={
          Array [
            "landscape-crop",
            "landscape-crop2x",
          ]
        }
      />
    </div>
    <injectIntl(AvatarComponent)
      className="avatar"
      user={
        Object {
          "attributes": Object {
            "banned": false,
            "deleted": false,
            "profile": Object {
              "abbreviatedName": "TT",
              "displayName": "user1 display name",
            },
          },
          "id": UUID {
            "_sdkType": "UUID",
            "uuid": "user1",
          },
          "type": "user",
        }
      }
    />
  </div>
  <div
    className="info"
  >
    <div
      className="mainInfo"
    >
      <div
        className="title"
      >
        listing1
         
        title
      </div>
      <div
        className="authorInfo"
      >
        <MemoizedFormattedMessage
          id="ListingCard.undefinedBy"
          values={
            Object {
              "authorName": "user1 display name",
              "need": "",
              "region": "",
            }
          }
        />
      </div>
    </div>
  </div>
</NamedLink>
`;
