// Jest Snapshot v1, https://goo.gl/fbAQLP

exports[`ListingCard matches snapshot 1`] = `
<Component
  condition={true}
  defaultWrapper={[Function]}
  wrapper={[Function]}
>
  <div
    className="threeToTwoWrapper"
    id="listingCard"
    onMouseEnter={[Function]}
    onMouseLeave={[Function]}
  >
    <Component
      defaultWrapper={[Function]}
      wrapper={[Function]}
    >
      <div
        className="aspectWrapper"
      >
        <img
          alt="listing1 title"
          className="rootForImage"
        />
      </div>
    </Component>
  </div>
  <div
    className="info"
  >
    <div
      className="mainInfo"
    >
      <Component
        defaultWrapper={[Function]}
        wrapper={[Function]}
      >
        <div
          className="title"
          data-for="listing1"
          data-tip="listing1 title"
          data-tip-disable={true}
          id="listing1"
        >
          <Truncate
            ellipsis={
              <span>
                ...
              </span>
            }
            lines={2}
            onTruncate={[Function]}
            trimWhitespace={false}
            width={0}
          >
            listing1
             
            title
          </Truncate>
        </div>
        <ReactTooltip
          clickable={false}
          delayShow={500}
          id="listing1"
          insecure={true}
          resizeHide={true}
          wrapper="div"
        />
      </Component>
      <div
        className="authorInfo"
      >
        <MemoizedFormattedMessage
          id="ListingCard.undefinedBy"
          values={
            Object {
              "authorName": "user1 display name",
              "need": " space",
              "region": "NZ",
            }
          }
        />
      </div>
    </div>
  </div>
</Component>
`;
