// Jest Snapshot v1, https://goo.gl/fbAQLP

exports[`ListingCard matches snapshot 1`] = `
<ConditionalWrapper
  condition={false}
  defaultWrapper={[Function]}
  wrapper={[Function]}
>
  <div
    className="threeToTwoWrapper"
    id="listingCard"
    onMouseEnter={[Function]}
    onMouseLeave={[Function]}
  >
    <div
      className="aspectWrapper"
    >
      <lazyLoadWithDimensions(ListingImage)
        alt="listing1 title"
        image={null}
        rootClassName="rootForImage"
        sizes={null}
        variants={
          Array [
            "landscape-crop",
            "landscape-crop2x",
          ]
        }
      />
    </div>
  </div>
  <div
    className="info"
  >
    <div
      className="mainInfo"
    >
      <div
        className="title"
      >
        listing1
         
        title
      </div>
      <div
        className="authorInfo"
      >
        <MemoizedFormattedMessage
          id="ListingCard.undefinedBy"
          values={
            Object {
              "authorName": "user1 display name",
              "need": "",
              "region": "",
            }
          }
        />
      </div>
    </div>
  </div>
</ConditionalWrapper>
`;
