// Jest Snapshot v1, https://goo.gl/fbAQLP

exports[`SectionHero matches snapshot 1`] = `
<div
  className="root"
>
  <div
    className="videoBackground"
  >
    <video
      autoPlay={true}
      loop={true}
      muted={true}
      playsInline={true}
      src="test-file-stub"
      style={
        Object {
          "height": "100%",
          "objectFit": "cover",
          "width": "100%",
        }
      }
    />
  </div>
  <div
    className="heroContent"
  >
    <div>
      <h1
        className="heroMainTitle"
      >
        Rent your space 
        <span>
          |
        </span>
         Find your space
      </h1>
      <h2
        className="heroSubTitle"
      >
        <span>
          SectionHero.subTitle
        </span>
      </h2>
      <h1
        className="heroMobileTitle"
      >
        Find and advertise space on Kiwi properties
      </h1>
    </div>
  </div>
  <div>
    <h3
      className="heroCtaText"
    >
      <span>
        SectionHero.ctaText
      </span>
    </h3>
  </div>
</div>
`;
