// Jest Snapshot v1, https://goo.gl/fbAQLP

exports[`SectionHero matches snapshot 1`] = `
<div
  className="root"
>
  <div
    className="heroContent"
  >
    <h1
      className="heroMainTitle"
    >
      Rent your space 
      <span>
        |
      </span>
       Find your space
    </h1>
    <h2
      className="heroSubTitle"
    >
      <span>
        SectionHero.subTitle
      </span>
    </h2>
    <div
      className="heroButtonWrapper"
    >
      <a
        className="heroButton"
        href="/s?pub_listingType=listing&address=New%20Zealand&bounds=-34.0465240000456%2C179.9%2C-52.6693956973145%2C165.770163500618"
        onClick={[Function]}
        onMouseOver={[Function]}
        onTouchStart={[Function]}
        style={Object {}}
        title={null}
      >
        <span>
          SectionHero.browselisting
        </span>
      </a>
      <a
        className="heroButton"
        href="/s?pub_listingType=advert&address=New%20Zealand&bounds=-34.0465240000456%2C179.9%2C-52.6693956973145%2C165.770163500618"
        onClick={[Function]}
        onMouseOver={[Function]}
        onTouchStart={[Function]}
        style={Object {}}
        title={null}
      >
        <span>
          SectionHero.browseadvert
        </span>
      </a>
    </div>
  </div>
</div>
`;
