// Jest Snapshot v1, https://goo.gl/fbAQLP

exports[`TopbarDesktop data matches snapshot 1`] = `
<nav
  className="root"
>
  <a
    className="logoLink NamedLink_active"
    href="/"
    onClick={[Function]}
    onMouseOver={[Function]}
    onTouchStart={[Function]}
    style={Object {}}
    title={null}
  >
    <img
      className="logo"
      src="test-file-stub"
    />
  </a>
  <div
    className="dropdownContainer"
  >
    <div
      className="root dropdown"
    >
      <div
        className="root"
      >
        <button
          className="button"
          onClick={[Function]}
          type="button"
        >
          Space Owners
           
          <span
            className="caret"
          >
            ▼
          </span>
        </button>
      </div>
    </div>
    <div
      className="root dropdown"
    >
      <div
        className="root"
      >
        <button
          className="button"
          onClick={[Function]}
          type="button"
        >
          Renters
           
          <span
            className="caret"
          >
            ▼
          </span>
        </button>
      </div>
    </div>
  </div>
  <div
    className="rightContainer"
  >
    <div
      className="buttonRecomendWrapper"
    >
      <a
        className="buttonRecomend cloudsponge-launch"
        name="LandingPage"
      >
        <span>
          TopbarDesktop.recommend
        </span>
      </a>
    </div>
    <a
      className="inboxLink"
      href="/inbox"
      onClick={[Function]}
      onMouseOver={[Function]}
      onTouchStart={[Function]}
      style={Object {}}
      title={null}
    >
      <span
        className="inbox"
      >
        <span>
          TopbarDesktop.inbox
        </span>
      </span>
    </a>
    <div
      className="root"
      onBlur={[Function]}
      onKeyDown={[Function]}
      tabIndex={0}
    >
      <button
        className="root profileMenuLabel"
        onBlur={[Function]}
        onClick={[Function]}
      >
        <div
          className="root avatar"
          title=""
        >
          <span
            className="initials"
          >
            FC
          </span>
        </div>
      </button>
      <div
        className="root profileMenuContent isClosed"
        style={
          Object {
            "left": "-10000px",
          }
        }
      >
        <ul
          className="content"
        >
          <li
            className="root"
            role="menuitem"
          >
            <div
              className="profileMenuWrapper"
            >
              <div
                className="menuAvatar"
              >
                <div
                  className="mediumAvatar bigAvatar"
                  title=""
                >
                  <span
                    className="initials"
                  >
                    FC
                  </span>
                </div>
              </div>
              <div
                className="profileInfoWrapper"
              >
                <div
                  className="nameWrapper"
                >
                   
                </div>
                <div
                  className="emailWrapper"
                />
                <div
                  className="profileLink"
                >
                  <a
                    className=""
                    href="/profile-settings"
                    onClick={[Function]}
                    onMouseOver={[Function]}
                    onTouchStart={[Function]}
                    style={Object {}}
                    title={null}
                  >
                    View account
                  </a>
                </div>
              </div>
            </div>
          </li>
          <li
            className="root"
            role="menuitem"
          >
            <button
              className="logoutButton inlineTextButton"
              disabled={false}
              onClick={[Function]}
            >
              <span
                className="menuItemBorder"
              />
              <span>
                TopbarDesktop.logout
              </span>
            </button>
          </li>
        </ul>
      </div>
    </div>
  </div>
</nav>
`;
