// Jest Snapshot v1, https://goo.gl/fbAQLP

exports[`TopbarDesktop data matches snapshot 1`] = `
<nav
  className="root"
>
  <a
    className="logoLink NamedLink_active"
    href="/"
    onClick={[Function]}
    onMouseOver={[Function]}
    onTouchStart={[Function]}
    style={Object {}}
    title={null}
  >
    <svg
      alt="TopbarDesktop.logo"
      className="logo"
      src="test-file-stub"
      viewBox="0 0 368.8 103.55"
    >
      <defs>
        <clipPath
          id="clipPath618"
        >
          <path
            d="m0 0h595.28v841.89h-595.28z"
          />
        </clipPath>
      </defs>
      <g
        transform="matrix(4.6637 0 0 4.6637 -148.76 -432.36)"
      >
        <g
          transform="matrix(.35278 0 0 -.35278 56.629 97.65)"
        >
          <path
            d="m0 0-3.671 1.997v-19.028h3.671z"
          />
        </g>
        <g
          transform="matrix(.35278 0 0 -.35278 52.37 95.333)"
        >
          <path
            d="m0 0-2.507 1.364-1.163-0.634v-24.329h3.67z"
          />
        </g>
        <g
          transform="matrix(.35278 0 0 -.35278 54.5 96.492)"
        >
          <path
            d="m0 0-3.67 1.997v-22.312h3.67z"
          />
        </g>
        <g
          transform="matrix(.35278 0 0 -.35278 59.593 110.75)"
        >
          <path
            d="m0 0h3.67v30.563l-3.67 1.997z"
          />
        </g>
        <g
          transform="matrix(.35278 0 0 -.35278 44.688 110.75)"
        >
          <path
            d="m0 0h3.671v36.575l-3.671-1.997z"
          />
        </g>
        <g
          transform="matrix(.35278 0 0 -.35278 57.463 110.75)"
        >
          <path
            d="m0 0h3.67v33.847l-3.67 1.997z"
          />
        </g>
        <g
          transform="matrix(.35278 0 0 -.35278 42.558 110.75)"
        >
          <path
            d="m0 0h3.67v33.291l-3.67-1.997z"
          />
        </g>
        <g
          transform="matrix(.35278 0 0 -.35278 36.17 110.75)"
        >
          <path
            d="m0 0h3.671v27.554l-3.671-0.729z"
          />
        </g>
        <g
          transform="matrix(.35278 0 0 -.35278 38.3 110.75)"
        >
          <path
            d="m0 0h3.671v28.753l-3.671-0.729z"
          />
        </g>
        <g
          transform="matrix(.35278 0 0 -.35278 40.429 100.44)"
        >
          <path
            d="m0 0v-29.222h3.67v30.007l-0.161-0.088z"
          />
        </g>
        <g
          transform="matrix(.35278 0 0 -.35278 34.041 110.75)"
        >
          <path
            d="m0 0h3.67v26.355l-3.67-0.729z"
          />
        </g>
        <g
          transform="matrix(.35278 0 0 -.35278 48.946 110.75)"
        >
          <path
            d="m0 0h3.671v43.143l-3.671-1.997z"
          />
        </g>
        <g
          transform="matrix(.35278 0 0 -.35278 46.817 110.75)"
        >
          <path
            d="m0 0h3.67v39.859l-3.67-1.997z"
          />
        </g>
        <g
          transform="matrix(.35278 0 0 -.35278 -65.937 293.77)"
        >
          <g
            clipPath="url(#clipPath618)"
          >
            <g
              transform="translate(393.22,537.94)"
            >
              <path
                d="m0 0c-5.299 0-9.002-4.42-9.002-9.787v-0.07c0-5.753 4.043-9.717 9.512-9.717 3.294 0 5.74 1.333 7.439 3.508l-2.955 2.701c-1.427-1.368-2.684-1.929-4.416-1.929-2.31 0-3.941 1.262-4.45 3.683h12.67c0.034 0.491 0.068 0.982 0.068 1.403 0 5.332-2.785 10.208-8.866 10.208m-3.941-8.279c0.408 2.421 1.801 3.999 3.941 3.999 2.174 0 3.533-1.613 3.839-3.999z"
              />
            </g>
            <g
              transform="translate(411.28,524.79)"
            >
              <path
                d="m0 0-4.145 12.804h-5.468l7.133-18.872c-0.441-0.947-0.917-1.228-1.8-1.228-0.68 0-1.529 0.316-2.208 0.736l-1.732-3.858c1.324-0.807 2.717-1.298 4.585-1.298 3.092 0 4.586 1.438 5.979 5.262l6.998 19.258h-5.367z"
              />
            </g>
            <g
              transform="translate(454.1,537.8)"
            >
              <path
                d="m0 0c-3.091 0-5.061-0.596-7.065-1.509l1.291-4.069c1.664 0.632 3.057 1.018 5.027 1.018 2.582 0 3.906-1.229 3.906-3.438v-0.316c-1.29 0.456-2.615 0.772-4.45 0.772-4.313 0-7.337-1.894-7.337-5.999v-0.07c0-3.718 2.82-5.753 6.25-5.753 2.514 0 4.247 0.947 5.503 2.386v-2.035h4.994v10.91c0 2.525-0.611 4.595-1.97 5.998-1.291 1.333-3.329 2.105-6.149 2.105m3.228-12.383c0-1.929-1.631-3.297-4.043-3.297-1.664 0-2.82 0.842-2.82 2.279v0.071c0 1.683 1.359 2.596 3.567 2.596 1.257 0 2.412-0.281 3.296-0.702z"
              />
            </g>
            <g
              transform="translate(470.76,533.8)"
            >
              <path
                d="m0 0v3.789h-5.163v-18.803h5.163v6.946c0 4.49 2.106 6.63 5.537 6.63h0.272v5.577c-3.058 0.141-4.756-1.544-5.809-4.139"
              />
            </g>
            <g
              transform="translate(489.22,537.94)"
            >
              <path
                d="m0 0c-2.616 0-4.144-1.438-5.333-3.017v2.667h-5.164v-18.803h5.164v10.488c0 2.526 1.257 3.824 3.227 3.824s3.125-1.298 3.125-3.824v-10.488h5.163v12.173c0 4.314-2.276 6.98-6.182 6.98"
              />
            </g>
            <g
              transform="translate(376.21,537.94)"
            >
              <path
                d="m0 0c-2.616 0-4.144-1.438-5.333-3.017v8.357l-5.164 2.81v-27.303h5.164v10.488c0 2.526 1.257 3.824 3.227 3.824s3.125-1.298 3.125-3.824v-10.488h5.163v12.173c0 4.314-2.276 6.98-6.182 6.98"
              />
            </g>
            <g
              transform="translate(435.54,537.94)"
            >
              <path
                d="m0 0c-2.684 0-4.416-1.298-5.673-3.052v8.849l-5.163 2.81v-27.76h5.163v2.455c1.223-1.508 2.922-2.806 5.673-2.806 4.314 0 8.288 3.438 8.288 9.717v0.071c0 6.278-4.042 9.716-8.288 9.716m3.125-9.787c0-3.157-2.038-5.191-4.45-5.191s-4.415 2.069-4.415 5.191v0.071c0 3.122 2.003 5.191 4.415 5.191s4.45-2.069 4.45-5.191z"
              />
            </g>
          </g>
        </g>
      </g>
    </svg>
  </a>
  <div
    className="dropdownContainer"
  >
    <div
      className="root dropdown"
    >
      <div
        className="root"
      >
        <button
          className="button"
          onClick={[Function]}
          type="button"
        >
          Space Owners
           
          <span
            className="caret"
          >
            ▼
          </span>
        </button>
      </div>
    </div>
    <div
      className="root dropdown"
    >
      <div
        className="root"
      >
        <button
          className="button"
          onClick={[Function]}
          type="button"
        >
          Renters
           
          <span
            className="caret"
          >
            ▼
          </span>
        </button>
      </div>
    </div>
  </div>
  <div
    className="buttonRecomendWrapper"
  >
    <a
      className="buttonRecomend NamedLink_active"
      href="/"
      onClick={[Function]}
      onMouseOver={[Function]}
      onTouchStart={[Function]}
      style={Object {}}
      title={null}
    >
      <span>
        TopbarDesktop.recommend
      </span>
    </a>
  </div>
  <a
    className="inboxLink"
    href="/inbox"
    onClick={[Function]}
    onMouseOver={[Function]}
    onTouchStart={[Function]}
    style={Object {}}
    title={null}
  >
    <span
      className="inbox"
    >
      <span>
        TopbarDesktop.inbox
      </span>
    </span>
  </a>
  <div
    className="root"
    onBlur={[Function]}
    onKeyDown={[Function]}
    tabIndex={0}
  >
    <button
      className="root profileMenuLabel"
      onBlur={[Function]}
      onClick={[Function]}
    >
      <div
        className="root avatar"
        title=""
      >
        <span
          className="initials"
        />
      </div>
    </button>
    <div
      className="root profileMenuContent isClosed"
      style={
        Object {
          "left": "-10000px",
        }
      }
    >
      <ul
        className="content"
      >
        <li
          className="root"
          role="menuitem"
        >
          <div
            className="profileMenuWrapper"
          >
            <div
              className="menuAvatar"
            >
              <div
                className="mediumAvatar bigAvatar"
                title=""
              >
                <span
                  className="initials"
                />
              </div>
            </div>
            <div
              className="profileInfoWrapper"
            >
              <div
                className="nameWrapper"
              >
                 
              </div>
              <div
                className="emailWrapper"
              />
              <div
                className="profileLink"
              >
                <a
                  className=""
                  href="/profile-settings"
                  onClick={[Function]}
                  onMouseOver={[Function]}
                  onTouchStart={[Function]}
                  style={Object {}}
                  title={null}
                >
                  View account
                </a>
              </div>
            </div>
          </div>
        </li>
        <li
          className="root"
          role="menuitem"
        >
          <button
            className="logoutButton inlineTextButton"
            disabled={false}
            onClick={[Function]}
          >
            <span
              className="menuItemBorder"
            />
            <span>
              TopbarDesktop.logout
            </span>
          </button>
        </li>
      </ul>
    </div>
  </div>
  <span
    className="separator"
  >
    |
  </span>
</nav>
`;
