// Jest Snapshot v1, https://goo.gl/fbAQLP

exports[`SignupForm matches snapshot 1`] = `
<form
  action="/"
  className="root"
  method="post"
  onSubmit={[Function]}
>
  <div
    className="bottomWrapper"
  >
    <p
      className="bottomWrapperText"
    >
      <span
        className="termsText"
      >
        <span>
          SignupForm.termsAndConditionsAcceptText
        </span>
      </span>
    </p>
    <button
      className="primaryButtonRoot primaryButton"
      disabled={false}
      onClick={[Function]}
    >
      <span>
        SignupForm.next
      </span>
    </button>
  </div>
</form>
`;
